components/EventDetails.tsx(97,17): error TS2322: Type '{ hidden: { opacity: number; y: number; scale: number; }; visible: { opacity: number; y: number; scale: number; transition: { duration: number; ease: string; }; }; } | undefined' is not assignable to type 'Variants | undefined'.
  Type '{ hidden: { opacity: number; y: number; scale: number; }; visible: { opacity: number; y: number; scale: number; transition: { duration: number; ease: string; }; }; }' is not assignable to type 'Variants'.
    Property 'visible' is incompatible with index signature.
      Type '{ opacity: number; y: number; scale: number; transition: { duration: number; ease: string; }; }' is not assignable to type 'Variant'.
        Type '{ opacity: number; y: number; scale: number; transition: { duration: number; ease: string; }; }' is not assignable to type 'TargetAndTransition'.
          Type '{ opacity: number; y: number; scale: number; transition: { duration: number; ease: string; }; }' is not assignable to type '{ transition?: Transition<any> | undefined; transitionEnd?: ResolvedValues$1 | undefined; }'.
            Types of property 'transition' are incompatible.
              Type '{ duration: number; ease: string; }' is not assignable to type 'Transition<any> | undefined'.
                Type '{ duration: number; ease: string; }' is not assignable to type 'TransitionWithValueOverrides<any>'.
                  Type '{ duration: number; ease: string; }' is not assignable to type 'ValueAnimationTransition<any>'.
                    Types of property 'ease' are incompatible.
                      Type 'string' is not assignable to type 'Easing | Easing[] | undefined'.
components/EventDetails.tsx(109,21): error TS2322: Type '{ hidden: { opacity: number; y: number; }; visible: (i: number) => { opacity: number; y: number; transition: { delay: number; duration: number; ease: string; }; }; } | undefined' is not assignable to type 'Variants | undefined'.
  Type '{ hidden: { opacity: number; y: number; }; visible: (i: number) => { opacity: number; y: number; transition: { delay: number; duration: number; ease: string; }; }; }' is not assignable to type 'Variants'.
    Property 'visible' is incompatible with index signature.
      Type '(i: number) => { opacity: number; y: number; transition: { delay: number; duration: number; ease: string; }; }' is not assignable to type 'Variant'.
        Type '(i: number) => { opacity: number; y: number; transition: { delay: number; duration: number; ease: string; }; }' is not assignable to type 'TargetResolver'.
          Type '{ opacity: number; y: number; transition: { delay: number; duration: number; ease: string; }; }' is not assignable to type 'string | TargetAndTransition'.
            Type '{ opacity: number; y: number; transition: { delay: number; duration: number; ease: string; }; }' is not assignable to type 'TargetAndTransition'.
              Type '{ opacity: number; y: number; transition: { delay: number; duration: number; ease: string; }; }' is not assignable to type '{ transition?: Transition<any> | undefined; transitionEnd?: ResolvedValues$1 | undefined; }'.
                Types of property 'transition' are incompatible.
                  Type '{ delay: number; duration: number; ease: string; }' is not assignable to type 'Transition<any> | undefined'.
                    Type '{ delay: number; duration: number; ease: string; }' is not assignable to type 'TransitionWithValueOverrides<any>'.
                      Type '{ delay: number; duration: number; ease: string; }' is not assignable to type 'ValueAnimationTransition<any>'.
                        Types of property 'ease' are incompatible.
                          Type 'string' is not assignable to type 'Easing | Easing[] | undefined'.
components/EventDetails.tsx(123,25): error TS2322: Type '{ hidden: { opacity: number; y: number; }; visible: (i: number) => { opacity: number; y: number; transition: { delay: number; duration: number; ease: string; }; }; } | undefined' is not assignable to type 'Variants | undefined'.
  Type '{ hidden: { opacity: number; y: number; }; visible: (i: number) => { opacity: number; y: number; transition: { delay: number; duration: number; ease: string; }; }; }' is not assignable to type 'Variants'.
    Property 'visible' is incompatible with index signature.
      Type '(i: number) => { opacity: number; y: number; transition: { delay: number; duration: number; ease: string; }; }' is not assignable to type 'Variant'.
        Type '(i: number) => { opacity: number; y: number; transition: { delay: number; duration: number; ease: string; }; }' is not assignable to type 'TargetResolver'.
          Type '{ opacity: number; y: number; transition: { delay: number; duration: number; ease: string; }; }' is not assignable to type 'string | TargetAndTransition'.
            Type '{ opacity: number; y: number; transition: { delay: number; duration: number; ease: string; }; }' is not assignable to type 'TargetAndTransition'.
              Type '{ opacity: number; y: number; transition: { delay: number; duration: number; ease: string; }; }' is not assignable to type '{ transition?: Transition<any> | undefined; transitionEnd?: ResolvedValues$1 | undefined; }'.
                Types of property 'transition' are incompatible.
                  Type '{ delay: number; duration: number; ease: string; }' is not assignable to type 'Transition<any> | undefined'.
                    Type '{ delay: number; duration: number; ease: string; }' is not assignable to type 'TransitionWithValueOverrides<any>'.
                      Type '{ delay: number; duration: number; ease: string; }' is not assignable to type 'ValueAnimationTransition<any>'.
                        Types of property 'ease' are incompatible.
                          Type 'string' is not assignable to type 'Easing | Easing[] | undefined'.
components/EventDetails.tsx(132,29): error TS2322: Type '{ hidden: { opacity: number; y: number; }; visible: (i: number) => { opacity: number; y: number; transition: { delay: number; duration: number; ease: string; }; }; } | undefined' is not assignable to type 'Variants | undefined'.
  Type '{ hidden: { opacity: number; y: number; }; visible: (i: number) => { opacity: number; y: number; transition: { delay: number; duration: number; ease: string; }; }; }' is not assignable to type 'Variants'.
    Property 'visible' is incompatible with index signature.
      Type '(i: number) => { opacity: number; y: number; transition: { delay: number; duration: number; ease: string; }; }' is not assignable to type 'Variant'.
        Type '(i: number) => { opacity: number; y: number; transition: { delay: number; duration: number; ease: string; }; }' is not assignable to type 'TargetResolver'.
          Type '{ opacity: number; y: number; transition: { delay: number; duration: number; ease: string; }; }' is not assignable to type 'string | TargetAndTransition'.
            Type '{ opacity: number; y: number; transition: { delay: number; duration: number; ease: string; }; }' is not assignable to type 'TargetAndTransition'.
              Type '{ opacity: number; y: number; transition: { delay: number; duration: number; ease: string; }; }' is not assignable to type '{ transition?: Transition<any> | undefined; transitionEnd?: ResolvedValues$1 | undefined; }'.
                Types of property 'transition' are incompatible.
                  Type '{ delay: number; duration: number; ease: string; }' is not assignable to type 'Transition<any> | undefined'.
                    Type '{ delay: number; duration: number; ease: string; }' is not assignable to type 'TransitionWithValueOverrides<any>'.
                      Type '{ delay: number; duration: number; ease: string; }' is not assignable to type 'ValueAnimationTransition<any>'.
                        Types of property 'ease' are incompatible.
                          Type 'string' is not assignable to type 'Easing | Easing[] | undefined'.
components/EventDetails.tsx(142,29): error TS2322: Type '{ hidden: { opacity: number; y: number; }; visible: (i: number) => { opacity: number; y: number; transition: { delay: number; duration: number; ease: string; }; }; } | undefined' is not assignable to type 'Variants | undefined'.
  Type '{ hidden: { opacity: number; y: number; }; visible: (i: number) => { opacity: number; y: number; transition: { delay: number; duration: number; ease: string; }; }; }' is not assignable to type 'Variants'.
    Property 'visible' is incompatible with index signature.
      Type '(i: number) => { opacity: number; y: number; transition: { delay: number; duration: number; ease: string; }; }' is not assignable to type 'Variant'.
        Type '(i: number) => { opacity: number; y: number; transition: { delay: number; duration: number; ease: string; }; }' is not assignable to type 'TargetResolver'.
          Type '{ opacity: number; y: number; transition: { delay: number; duration: number; ease: string; }; }' is not assignable to type 'string | TargetAndTransition'.
            Type '{ opacity: number; y: number; transition: { delay: number; duration: number; ease: string; }; }' is not assignable to type 'TargetAndTransition'.
              Type '{ opacity: number; y: number; transition: { delay: number; duration: number; ease: string; }; }' is not assignable to type '{ transition?: Transition<any> | undefined; transitionEnd?: ResolvedValues$1 | undefined; }'.
                Types of property 'transition' are incompatible.
                  Type '{ delay: number; duration: number; ease: string; }' is not assignable to type 'Transition<any> | undefined'.
                    Type '{ delay: number; duration: number; ease: string; }' is not assignable to type 'TransitionWithValueOverrides<any>'.
                      Type '{ delay: number; duration: number; ease: string; }' is not assignable to type 'ValueAnimationTransition<any>'.
                        Types of property 'ease' are incompatible.
                          Type 'string' is not assignable to type 'Easing | Easing[] | undefined'.
components/EventDetails.tsx(154,25): error TS2322: Type '{ hidden: { opacity: number; y: number; }; visible: (i: number) => { opacity: number; y: number; transition: { delay: number; duration: number; ease: string; }; }; } | undefined' is not assignable to type 'Variants | undefined'.
  Type '{ hidden: { opacity: number; y: number; }; visible: (i: number) => { opacity: number; y: number; transition: { delay: number; duration: number; ease: string; }; }; }' is not assignable to type 'Variants'.
    Property 'visible' is incompatible with index signature.
      Type '(i: number) => { opacity: number; y: number; transition: { delay: number; duration: number; ease: string; }; }' is not assignable to type 'Variant'.
        Type '(i: number) => { opacity: number; y: number; transition: { delay: number; duration: number; ease: string; }; }' is not assignable to type 'TargetResolver'.
          Type '{ opacity: number; y: number; transition: { delay: number; duration: number; ease: string; }; }' is not assignable to type 'string | TargetAndTransition'.
            Type '{ opacity: number; y: number; transition: { delay: number; duration: number; ease: string; }; }' is not assignable to type 'TargetAndTransition'.
              Type '{ opacity: number; y: number; transition: { delay: number; duration: number; ease: string; }; }' is not assignable to type '{ transition?: Transition<any> | undefined; transitionEnd?: ResolvedValues$1 | undefined; }'.
                Types of property 'transition' are incompatible.
                  Type '{ delay: number; duration: number; ease: string; }' is not assignable to type 'Transition<any> | undefined'.
                    Type '{ delay: number; duration: number; ease: string; }' is not assignable to type 'TransitionWithValueOverrides<any>'.
                      Type '{ delay: number; duration: number; ease: string; }' is not assignable to type 'ValueAnimationTransition<any>'.
                        Types of property 'ease' are incompatible.
                          Type 'string' is not assignable to type 'Easing | Easing[] | undefined'.
components/EventDetails.tsx(165,25): error TS2322: Type '{ hidden: { opacity: number; y: number; }; visible: (i: number) => { opacity: number; y: number; transition: { delay: number; duration: number; ease: string; }; }; } | undefined' is not assignable to type 'Variants | undefined'.
  Type '{ hidden: { opacity: number; y: number; }; visible: (i: number) => { opacity: number; y: number; transition: { delay: number; duration: number; ease: string; }; }; }' is not assignable to type 'Variants'.
    Property 'visible' is incompatible with index signature.
      Type '(i: number) => { opacity: number; y: number; transition: { delay: number; duration: number; ease: string; }; }' is not assignable to type 'Variant'.
        Type '(i: number) => { opacity: number; y: number; transition: { delay: number; duration: number; ease: string; }; }' is not assignable to type 'TargetResolver'.
          Type '{ opacity: number; y: number; transition: { delay: number; duration: number; ease: string; }; }' is not assignable to type 'string | TargetAndTransition'.
            Type '{ opacity: number; y: number; transition: { delay: number; duration: number; ease: string; }; }' is not assignable to type 'TargetAndTransition'.
              Type '{ opacity: number; y: number; transition: { delay: number; duration: number; ease: string; }; }' is not assignable to type '{ transition?: Transition<any> | undefined; transitionEnd?: ResolvedValues$1 | undefined; }'.
                Types of property 'transition' are incompatible.
                  Type '{ delay: number; duration: number; ease: string; }' is not assignable to type 'Transition<any> | undefined'.
                    Type '{ delay: number; duration: number; ease: string; }' is not assignable to type 'TransitionWithValueOverrides<any>'.
                      Type '{ delay: number; duration: number; ease: string; }' is not assignable to type 'ValueAnimationTransition<any>'.
                        Types of property 'ease' are incompatible.
                          Type 'string' is not assignable to type 'Easing | Easing[] | undefined'.
components/EventDetails.tsx(174,29): error TS2322: Type '{ hidden: { opacity: number; y: number; }; visible: (i: number) => { opacity: number; y: number; transition: { delay: number; duration: number; ease: string; }; }; } | undefined' is not assignable to type 'Variants | undefined'.
  Type '{ hidden: { opacity: number; y: number; }; visible: (i: number) => { opacity: number; y: number; transition: { delay: number; duration: number; ease: string; }; }; }' is not assignable to type 'Variants'.
    Property 'visible' is incompatible with index signature.
      Type '(i: number) => { opacity: number; y: number; transition: { delay: number; duration: number; ease: string; }; }' is not assignable to type 'Variant'.
        Type '(i: number) => { opacity: number; y: number; transition: { delay: number; duration: number; ease: string; }; }' is not assignable to type 'TargetResolver'.
          Type '{ opacity: number; y: number; transition: { delay: number; duration: number; ease: string; }; }' is not assignable to type 'string | TargetAndTransition'.
            Type '{ opacity: number; y: number; transition: { delay: number; duration: number; ease: string; }; }' is not assignable to type 'TargetAndTransition'.
              Type '{ opacity: number; y: number; transition: { delay: number; duration: number; ease: string; }; }' is not assignable to type '{ transition?: Transition<any> | undefined; transitionEnd?: ResolvedValues$1 | undefined; }'.
                Types of property 'transition' are incompatible.
                  Type '{ delay: number; duration: number; ease: string; }' is not assignable to type 'Transition<any> | undefined'.
                    Type '{ delay: number; duration: number; ease: string; }' is not assignable to type 'TransitionWithValueOverrides<any>'.
                      Type '{ delay: number; duration: number; ease: string; }' is not assignable to type 'ValueAnimationTransition<any>'.
                        Types of property 'ease' are incompatible.
                          Type 'string' is not assignable to type 'Easing | Easing[] | undefined'.
components/EventDetails.tsx(185,33): error TS2322: Type '{ hidden: { opacity: number; y: number; }; visible: (i: number) => { opacity: number; y: number; transition: { delay: number; duration: number; ease: string; }; }; } | undefined' is not assignable to type 'Variants | undefined'.
  Type '{ hidden: { opacity: number; y: number; }; visible: (i: number) => { opacity: number; y: number; transition: { delay: number; duration: number; ease: string; }; }; }' is not assignable to type 'Variants'.
    Property 'visible' is incompatible with index signature.
      Type '(i: number) => { opacity: number; y: number; transition: { delay: number; duration: number; ease: string; }; }' is not assignable to type 'Variant'.
        Type '(i: number) => { opacity: number; y: number; transition: { delay: number; duration: number; ease: string; }; }' is not assignable to type 'TargetResolver'.
          Type '{ opacity: number; y: number; transition: { delay: number; duration: number; ease: string; }; }' is not assignable to type 'string | TargetAndTransition'.
            Type '{ opacity: number; y: number; transition: { delay: number; duration: number; ease: string; }; }' is not assignable to type 'TargetAndTransition'.
              Type '{ opacity: number; y: number; transition: { delay: number; duration: number; ease: string; }; }' is not assignable to type '{ transition?: Transition<any> | undefined; transitionEnd?: ResolvedValues$1 | undefined; }'.
                Types of property 'transition' are incompatible.
                  Type '{ delay: number; duration: number; ease: string; }' is not assignable to type 'Transition<any> | undefined'.
                    Type '{ delay: number; duration: number; ease: string; }' is not assignable to type 'TransitionWithValueOverrides<any>'.
                      Type '{ delay: number; duration: number; ease: string; }' is not assignable to type 'ValueAnimationTransition<any>'.
                        Types of property 'ease' are incompatible.
                          Type 'string' is not assignable to type 'Easing | Easing[] | undefined'.
components/EventDetails.tsx(201,21): error TS2322: Type '{ hidden: { opacity: number; y: number; }; visible: (i: number) => { opacity: number; y: number; transition: { delay: number; duration: number; ease: string; }; }; } | undefined' is not assignable to type 'Variants | undefined'.
  Type '{ hidden: { opacity: number; y: number; }; visible: (i: number) => { opacity: number; y: number; transition: { delay: number; duration: number; ease: string; }; }; }' is not assignable to type 'Variants'.
    Property 'visible' is incompatible with index signature.
      Type '(i: number) => { opacity: number; y: number; transition: { delay: number; duration: number; ease: string; }; }' is not assignable to type 'Variant'.
        Type '(i: number) => { opacity: number; y: number; transition: { delay: number; duration: number; ease: string; }; }' is not assignable to type 'TargetResolver'.
          Type '{ opacity: number; y: number; transition: { delay: number; duration: number; ease: string; }; }' is not assignable to type 'string | TargetAndTransition'.
            Type '{ opacity: number; y: number; transition: { delay: number; duration: number; ease: string; }; }' is not assignable to type 'TargetAndTransition'.
              Type '{ opacity: number; y: number; transition: { delay: number; duration: number; ease: string; }; }' is not assignable to type '{ transition?: Transition<any> | undefined; transitionEnd?: ResolvedValues$1 | undefined; }'.
                Types of property 'transition' are incompatible.
                  Type '{ delay: number; duration: number; ease: string; }' is not assignable to type 'Transition<any> | undefined'.
                    Type '{ delay: number; duration: number; ease: string; }' is not assignable to type 'TransitionWithValueOverrides<any>'.
                      Type '{ delay: number; duration: number; ease: string; }' is not assignable to type 'ValueAnimationTransition<any>'.
                        Types of property 'ease' are incompatible.
                          Type 'string' is not assignable to type 'Easing | Easing[] | undefined'.
